This is a template. This page has a mapped template.
